<?xml version="1.0" encoding="utf-8"?>
<?AutomationStudio Version="4.10.2.37"?>
<Objects>
  <Object
    Path="D:\Downloads\ASDP Exam - Group 4B\Palletizer\Logical\Package.pkg"
    LogicalPath=""
    Type="Package.ParentUnknown"
    LastWriteTime="133323502260000000" />
  <Object
    Path="D:\Downloads\ASDP Exam - Group 4B\Palletizer\Logical\Global.typ"
    LogicalPath="Global.typ"
    Type="File"
    LastWriteTime="132681269980000000"
    Private="false" />
  <Object
    Path="D:\Downloads\ASDP Exam - Group 4B\Palletizer\Logical\Global.var"
    LogicalPath="Global.var"
    Type="File"
    LastWriteTime="133320016100000000"
    Private="false" />
  <Object
    Path="D:\Downloads\ASDP Exam - Group 4B\Palletizer\Logical\MNG_Global.typ"
    LogicalPath="MNG_Global.typ"
    Type="File"
    LastWriteTime="132681276360000000"
    Private="false" />
  <Object
    Path="D:\Downloads\ASDP Exam - Group 4B\Palletizer\Logical\MNG_Package.typ"
    LogicalPath="MNG_Package.typ"
    Type="File"
    LastWriteTime="132682919620000000"
    Private="false" />
  <Object
    Path="D:\Downloads\ASDP Exam - Group 4B\Palletizer\Logical\MNG_Package.var"
    LogicalPath="MNG_Package.var"
    Type="File"
    LastWriteTime="132682919620000000"
    Private="false" />
  <Object
    Path="D:\Downloads\ASDP Exam - Group 4B\Palletizer\Logical\Libraries\Package.pkg"
    LogicalPath="Libraries"
    Type="Package"
    LastWriteTime="133296592000000000" />
  <Object
    Path="D:\Downloads\ASDP Exam - Group 4B\Palletizer\Logical\Libraries\operator\Binary.lby"
    LogicalPath="Libraries.operator"
    Type="Library"
    LastWriteTime="132091537960000000" />
  <Object
    Path="D:\Downloads\ASDP Exam - Group 4B\Palletizer\Logical\Libraries\operator\operator.fun"
    LogicalPath="Libraries.operator.operator.fun"
    Type="File"
    LastWriteTime="132091537120000000"
    Private="false" />
  <Object
    Path="D:\Downloads\ASDP Exam - Group 4B\Palletizer\Logical\Libraries\operator\operator.typ"
    LogicalPath="Libraries.operator.operator.typ"
    Type="File"
    LastWriteTime="132091537400000000"
    Private="false" />
  <Object
    Path="D:\Downloads\ASDP Exam - Group 4B\Palletizer\Logical\Libraries\operator\operator.var"
    LogicalPath="Libraries.operator.operator.var"
    Type="File"
    LastWriteTime="132091537680000000"
    Private="false" />
  <Object
    Path="D:\Downloads\ASDP Exam - Group 4B\Palletizer\Logical\Libraries\runtime\Binary.lby"
    LogicalPath="Libraries.runtime"
    Type="Library"
    LastWriteTime="132091537960000000" />
  <Object
    Path="D:\Downloads\ASDP Exam - Group 4B\Palletizer\Logical\Libraries\runtime\runtime.fun"
    LogicalPath="Libraries.runtime.runtime.fun"
    Type="File"
    LastWriteTime="132091537120000000"
    Private="false" />
  <Object
    Path="D:\Downloads\ASDP Exam - Group 4B\Palletizer\Logical\Libraries\runtime\runtime.typ"
    LogicalPath="Libraries.runtime.runtime.typ"
    Type="File"
    LastWriteTime="132091537400000000"
    Private="false" />
  <Object
    Path="D:\Downloads\ASDP Exam - Group 4B\Palletizer\Logical\Libraries\runtime\runtime.var"
    LogicalPath="Libraries.runtime.runtime.var"
    Type="File"
    LastWriteTime="132091537680000000"
    Private="false" />
  <Object
    Path="D:\Downloads\ASDP Exam - Group 4B\Palletizer\Logical\Libraries\astime\Binary.lby"
    LogicalPath="Libraries.astime"
    Type="Library"
    LastWriteTime="132091537900000000" />
  <Object
    Path="D:\Downloads\ASDP Exam - Group 4B\Palletizer\Logical\Libraries\astime\astime.fun"
    LogicalPath="Libraries.astime.astime.fun"
    Type="File"
    LastWriteTime="132091537060000000"
    Private="false" />
  <Object
    Path="D:\Downloads\ASDP Exam - Group 4B\Palletizer\Logical\Libraries\astime\astime.typ"
    LogicalPath="Libraries.astime.astime.typ"
    Type="File"
    LastWriteTime="132091537340000000"
    Private="false" />
  <Object
    Path="D:\Downloads\ASDP Exam - Group 4B\Palletizer\Logical\Libraries\astime\astime.var"
    LogicalPath="Libraries.astime.astime.var"
    Type="File"
    LastWriteTime="132091537620000000"
    Private="false" />
  <Object
    Path="D:\Downloads\ASDP Exam - Group 4B\Palletizer\Logical\Libraries\AsIecCon\Binary.lby"
    LogicalPath="Libraries.AsIecCon"
    Type="Library"
    LastWriteTime="132091537800000000" />
  <Object
    Path="D:\Downloads\ASDP Exam - Group 4B\Palletizer\Logical\Libraries\AsIecCon\AsIecCon.fun"
    LogicalPath="Libraries.AsIecCon.AsIecCon.fun"
    Type="File"
    LastWriteTime="132091536940000000"
    Private="false" />
  <Object
    Path="D:\Downloads\ASDP Exam - Group 4B\Palletizer\Logical\Libraries\AsIecCon\AsIecCon.typ"
    LogicalPath="Libraries.AsIecCon.AsIecCon.typ"
    Type="File"
    LastWriteTime="132091537240000000"
    Private="false" />
  <Object
    Path="D:\Downloads\ASDP Exam - Group 4B\Palletizer\Logical\Libraries\AsIecCon\AsIecCon.var"
    LogicalPath="Libraries.AsIecCon.AsIecCon.var"
    Type="File"
    LastWriteTime="132091537520000000"
    Private="false" />
  <Object
    Path="D:\Downloads\ASDP Exam - Group 4B\Palletizer\Logical\Libraries\standard\Binary.lby"
    LogicalPath="Libraries.standard"
    Type="Library"
    LastWriteTime="132091537980000000" />
  <Object
    Path="D:\Downloads\ASDP Exam - Group 4B\Palletizer\Logical\Libraries\standard\standard.fun"
    LogicalPath="Libraries.standard.standard.fun"
    Type="File"
    LastWriteTime="132091537140000000"
    Private="false" />
  <Object
    Path="D:\Downloads\ASDP Exam - Group 4B\Palletizer\Logical\Libraries\standard\standard.typ"
    LogicalPath="Libraries.standard.standard.typ"
    Type="File"
    LastWriteTime="132091537420000000"
    Private="false" />
  <Object
    Path="D:\Downloads\ASDP Exam - Group 4B\Palletizer\Logical\Libraries\standard\standard.var"
    LogicalPath="Libraries.standard.standard.var"
    Type="File"
    LastWriteTime="132091537680000000"
    Private="false" />
  <Object
    Path="D:\Downloads\ASDP Exam - Group 4B\Palletizer\Logical\Libraries\AsArLog\Binary.lby"
    LogicalPath="Libraries.AsArLog"
    Type="Library"
    LastWriteTime="132091537740000000" />
  <Object
    Path="D:\Downloads\ASDP Exam - Group 4B\Palletizer\Logical\Libraries\AsArLog\AsArLog.fun"
    LogicalPath="Libraries.AsArLog.AsArLog.fun"
    Type="File"
    LastWriteTime="132091536900000000"
    Private="false" />
  <Object
    Path="D:\Downloads\ASDP Exam - Group 4B\Palletizer\Logical\Libraries\AsArLog\AsArLog.typ"
    LogicalPath="Libraries.AsArLog.AsArLog.typ"
    Type="File"
    LastWriteTime="132091537180000000"
    Private="false" />
  <Object
    Path="D:\Downloads\ASDP Exam - Group 4B\Palletizer\Logical\Libraries\AsArLog\AsArLog.var"
    LogicalPath="Libraries.AsArLog.AsArLog.var"
    Type="File"
    LastWriteTime="132091537460000000"
    Private="false" />
  <Object
    Path="D:\Downloads\ASDP Exam - Group 4B\Palletizer\Logical\Libraries\AsBrStr\Binary.lby"
    LogicalPath="Libraries.AsBrStr"
    Type="Library"
    LastWriteTime="132091537760000000" />
  <Object
    Path="D:\Downloads\ASDP Exam - Group 4B\Palletizer\Logical\Libraries\AsBrStr\AsBrStr.fun"
    LogicalPath="Libraries.AsBrStr.AsBrStr.fun"
    Type="File"
    LastWriteTime="132091536900000000"
    Private="false" />
  <Object
    Path="D:\Downloads\ASDP Exam - Group 4B\Palletizer\Logical\Libraries\AsBrStr\AsBrStr.typ"
    LogicalPath="Libraries.AsBrStr.AsBrStr.typ"
    Type="File"
    LastWriteTime="132091537200000000"
    Private="false" />
  <Object
    Path="D:\Downloads\ASDP Exam - Group 4B\Palletizer\Logical\Libraries\AsBrStr\AsBrStr.var"
    LogicalPath="Libraries.AsBrStr.AsBrStr.var"
    Type="File"
    LastWriteTime="132091537480000000"
    Private="false" />
  <Object
    Path="D:\Downloads\ASDP Exam - Group 4B\Palletizer\Logical\Libraries\AsTCP\Binary.lby"
    LogicalPath="Libraries.AsTCP"
    Type="Library"
    LastWriteTime="132091537900000000" />
  <Object
    Path="D:\Downloads\ASDP Exam - Group 4B\Palletizer\Logical\Libraries\AsTCP\AsTCP.fun"
    LogicalPath="Libraries.AsTCP.AsTCP.fun"
    Type="File"
    LastWriteTime="132091537060000000"
    Private="false" />
  <Object
    Path="D:\Downloads\ASDP Exam - Group 4B\Palletizer\Logical\Libraries\AsTCP\AsTCP.typ"
    LogicalPath="Libraries.AsTCP.AsTCP.typ"
    Type="File"
    LastWriteTime="132091537340000000"
    Private="false" />
  <Object
    Path="D:\Downloads\ASDP Exam - Group 4B\Palletizer\Logical\Libraries\AsTCP\AsTCP.var"
    LogicalPath="Libraries.AsTCP.AsTCP.var"
    Type="File"
    LastWriteTime="132091537620000000"
    Private="false" />
  <Object
    Path="D:\Downloads\ASDP Exam - Group 4B\Palletizer\Logical\Libraries\MTBasics\Binary.lby"
    LogicalPath="Libraries.MTBasics"
    Type="Library"
    LastWriteTime="131677332360000000" />
  <Object
    Path="D:\Downloads\ASDP Exam - Group 4B\Palletizer\Logical\Libraries\MTBasics\MTBasics.fun"
    LogicalPath="Libraries.MTBasics.MTBasics.fun"
    Type="File"
    LastWriteTime="131677332360000000"
    Private="false" />
  <Object
    Path="D:\Downloads\ASDP Exam - Group 4B\Palletizer\Logical\Libraries\MTBasics\MTBasics.typ"
    LogicalPath="Libraries.MTBasics.MTBasics.typ"
    Type="File"
    LastWriteTime="131677332360000000"
    Private="false" />
  <Object
    Path="D:\Downloads\ASDP Exam - Group 4B\Palletizer\Logical\Libraries\MTBasics\MTBasics.var"
    LogicalPath="Libraries.MTBasics.MTBasics.var"
    Type="File"
    LastWriteTime="131677332360000000"
    Private="false" />
  <Object
    Path="D:\Downloads\ASDP Exam - Group 4B\Palletizer\Logical\Libraries\brsystem\Binary.lby"
    LogicalPath="Libraries.brsystem"
    Type="Library"
    LastWriteTime="132091537920000000" />
  <Object
    Path="D:\Downloads\ASDP Exam - Group 4B\Palletizer\Logical\Libraries\brsystem\brsystem.fun"
    LogicalPath="Libraries.brsystem.brsystem.fun"
    Type="File"
    LastWriteTime="132091537080000000"
    Private="false" />
  <Object
    Path="D:\Downloads\ASDP Exam - Group 4B\Palletizer\Logical\Libraries\brsystem\brsystem.typ"
    LogicalPath="Libraries.brsystem.brsystem.typ"
    Type="File"
    LastWriteTime="132091537360000000"
    Private="false" />
  <Object
    Path="D:\Downloads\ASDP Exam - Group 4B\Palletizer\Logical\Libraries\brsystem\brsystem.var"
    LogicalPath="Libraries.brsystem.brsystem.var"
    Type="File"
    LastWriteTime="132091537640000000"
    Private="false" />
  <Object
    Path="D:\Downloads\ASDP Exam - Group 4B\Palletizer\Logical\Libraries\MTTypes\Binary.lby"
    LogicalPath="Libraries.MTTypes"
    Type="Library"
    LastWriteTime="131677332380000000" />
  <Object
    Path="D:\Downloads\ASDP Exam - Group 4B\Palletizer\Logical\Libraries\MTTypes\MTTypes.fun"
    LogicalPath="Libraries.MTTypes.MTTypes.fun"
    Type="File"
    LastWriteTime="131677332380000000"
    Private="false" />
  <Object
    Path="D:\Downloads\ASDP Exam - Group 4B\Palletizer\Logical\Libraries\MTTypes\MTTypes.typ"
    LogicalPath="Libraries.MTTypes.MTTypes.typ"
    Type="File"
    LastWriteTime="131677332380000000"
    Private="false" />
  <Object
    Path="D:\Downloads\ASDP Exam - Group 4B\Palletizer\Logical\Libraries\MTTypes\MTTypes.var"
    LogicalPath="Libraries.MTTypes.MTTypes.var"
    Type="File"
    LastWriteTime="131677332380000000"
    Private="false" />
  <Object
    Path="D:\Downloads\ASDP Exam - Group 4B\Palletizer\Logical\Libraries\sys_lib\Binary.lby"
    LogicalPath="Libraries.sys_lib"
    Type="Library"
    LastWriteTime="132091537980000000" />
  <Object
    Path="D:\Downloads\ASDP Exam - Group 4B\Palletizer\Logical\Libraries\sys_lib\sys_lib.fun"
    LogicalPath="Libraries.sys_lib.sys_lib.fun"
    Type="File"
    LastWriteTime="132091537140000000"
    Private="false" />
  <Object
    Path="D:\Downloads\ASDP Exam - Group 4B\Palletizer\Logical\Libraries\sys_lib\sys_lib.typ"
    LogicalPath="Libraries.sys_lib.sys_lib.typ"
    Type="File"
    LastWriteTime="132091537420000000"
    Private="false" />
  <Object
    Path="D:\Downloads\ASDP Exam - Group 4B\Palletizer\Logical\Libraries\sys_lib\sys_lib.var"
    LogicalPath="Libraries.sys_lib.sys_lib.var"
    Type="File"
    LastWriteTime="132091537680000000"
    Private="false" />
  <Object
    Path="D:\Downloads\ASDP Exam - Group 4B\Palletizer\Logical\Libraries\ComTCP\Package.pkg"
    LogicalPath="Libraries.ComTCP"
    Type="Package"
    LastWriteTime="132343388120000000" />
  <Object
    Path="D:\Downloads\ASDP Exam - Group 4B\Palletizer\Logical\Libraries\ComTCP\ComTCP_L\ANSIC.lby"
    LogicalPath="Libraries.ComTCP.ComTCP_L"
    Type="Library"
    LastWriteTime="132343350800000000" />
  <Object
    Path="D:\Downloads\ASDP Exam - Group 4B\Palletizer\Logical\Libraries\ComTCP\ComTCP_L\MNG_InternalTyp.hpp"
    LogicalPath="Libraries.ComTCP.ComTCP_L.MNG_InternalTyp.hpp"
    Type="File"
    LastWriteTime="132343350800000000"
    Private="false" />
  <Object
    Path="D:\Downloads\ASDP Exam - Group 4B\Palletizer\Logical\Libraries\ComTCP\ComTCP_L\MNG_ComHdlr.hpp"
    LogicalPath="Libraries.ComTCP.ComTCP_L.MNG_ComHdlr.hpp"
    Type="File"
    LastWriteTime="132343350800000000"
    Private="false" />
  <Object
    Path="D:\Downloads\ASDP Exam - Group 4B\Palletizer\Logical\Libraries\ComTCP\ComTCP_L\MNG_ComHdlr.cpp"
    LogicalPath="Libraries.ComTCP.ComTCP_L.MNG_ComHdlr.cpp"
    Type="File"
    LastWriteTime="132343350800000000"
    Private="false" />
  <Object
    Path="D:\Downloads\ASDP Exam - Group 4B\Palletizer\Logical\Libraries\ComTCP\ComTCP_L\MNG_Global.hpp"
    LogicalPath="Libraries.ComTCP.ComTCP_L.MNG_Global.hpp"
    Type="File"
    LastWriteTime="132343350800000000"
    Private="false" />
  <Object
    Path="D:\Downloads\ASDP Exam - Group 4B\Palletizer\Logical\Libraries\ComTCP\ComTCP_L\MNG_CpyOutToMsg.cpp"
    LogicalPath="Libraries.ComTCP.ComTCP_L.MNG_CpyOutToMsg.cpp"
    Type="File"
    LastWriteTime="132343350800000000"
    Private="false" />
  <Object
    Path="D:\Downloads\ASDP Exam - Group 4B\Palletizer\Logical\Libraries\ComTCP\ComTCP_L\MNG_CpyMsgToInp.cpp"
    LogicalPath="Libraries.ComTCP.ComTCP_L.MNG_CpyMsgToInp.cpp"
    Type="File"
    LastWriteTime="132343350800000000"
    Private="false" />
  <Object
    Path="D:\Downloads\ASDP Exam - Group 4B\Palletizer\Logical\Libraries\ComTCP\ComTCP_P\ANSIC.prg"
    LogicalPath="Libraries.ComTCP.ComTCP_P"
    Type="Program"
    LastWriteTime="132343350800000000" />
  <Object
    Path="D:\Downloads\ASDP Exam - Group 4B\Palletizer\Logical\Libraries\ComTCP\ComTCP_P\Main.cpp"
    LogicalPath="Libraries.ComTCP.ComTCP_P.Main.cpp"
    Type="File"
    LastWriteTime="132343350800000000"
    Private="false" />
  <Object
    Path="D:\Downloads\ASDP Exam - Group 4B\Palletizer\Logical\Libraries\ComTCP\ComTCP_P\Types.typ"
    LogicalPath="Libraries.ComTCP.ComTCP_P.Types.typ"
    Type="File"
    LastWriteTime="132343350800000000"
    Private="true" />
  <Object
    Path="D:\Downloads\ASDP Exam - Group 4B\Palletizer\Logical\Libraries\ComTCP\ComTCP_P\Variables.var"
    LogicalPath="Libraries.ComTCP.ComTCP_P.Variables.var"
    Type="File"
    LastWriteTime="132343350800000000"
    Private="true" />
  <Object
    Path="D:\Downloads\ASDP Exam - Group 4B\Palletizer\Logical\Libraries\GenericDev\IEC.lby"
    LogicalPath="Libraries.GenericDev"
    Type="Library"
    LastWriteTime="133314847020000000" />
  <Object
    Path="D:\Downloads\ASDP Exam - Group 4B\Palletizer\Logical\Libraries\GenericDev\GenericDevice.st"
    LogicalPath="Libraries.GenericDev.GenericDevice.st"
    Type="File"
    LastWriteTime="133315509140000000"
    Private="false" />
  <Object
    Path="D:\Downloads\ASDP Exam - Group 4B\Palletizer\Logical\Libraries\GenericDev\Types.typ"
    LogicalPath="Libraries.GenericDev.Types.typ"
    Type="File"
    LastWriteTime="132702886480000000"
    Private="false" />
  <Object
    Path="D:\Downloads\ASDP Exam - Group 4B\Palletizer\Logical\Libraries\GenericDev\Constants.var"
    LogicalPath="Libraries.GenericDev.Constants.var"
    Type="File"
    LastWriteTime="132699538260000000"
    Private="false" />
  <Object
    Path="D:\Downloads\ASDP Exam - Group 4B\Palletizer\Logical\Libraries\GenericDev\GenericDev.fun"
    LogicalPath="Libraries.GenericDev.GenericDev.fun"
    Type="File"
    LastWriteTime="132705667160000000"
    Private="false" />
  <Object
    Path="D:\Downloads\ASDP Exam - Group 4B\Palletizer\Logical\Libraries\GenericAx\IEC.lby"
    LogicalPath="Libraries.GenericAx"
    Type="Library"
    LastWriteTime="133314454660000000" />
  <Object
    Path="D:\Downloads\ASDP Exam - Group 4B\Palletizer\Logical\Libraries\GenericAx\GenericAxis.st"
    LogicalPath="Libraries.GenericAx.GenericAxis.st"
    Type="File"
    LastWriteTime="133315511900000000"
    Private="false" />
  <Object
    Path="D:\Downloads\ASDP Exam - Group 4B\Palletizer\Logical\Libraries\GenericAx\Types.typ"
    LogicalPath="Libraries.GenericAx.Types.typ"
    Type="File"
    LastWriteTime="132705285380000000"
    Private="false" />
  <Object
    Path="D:\Downloads\ASDP Exam - Group 4B\Palletizer\Logical\Libraries\GenericAx\Constants.var"
    LogicalPath="Libraries.GenericAx.Constants.var"
    Type="File"
    LastWriteTime="132700159280000000"
    Private="false" />
  <Object
    Path="D:\Downloads\ASDP Exam - Group 4B\Palletizer\Logical\Libraries\GenericAx\GenericAx.fun"
    LogicalPath="Libraries.GenericAx.GenericAx.fun"
    Type="File"
    LastWriteTime="132705330080000000"
    Private="false" />
  <Object
    Path="D:\Downloads\ASDP Exam - Group 4B\Palletizer\Logical\Libraries\SignalMng\IEC.lby"
    LogicalPath="Libraries.SignalMng"
    Type="Library"
    LastWriteTime="133314849740000000" />
  <Object
    Path="D:\Downloads\ASDP Exam - Group 4B\Palletizer\Logical\Libraries\SignalMng\SignalManager.st"
    LogicalPath="Libraries.SignalMng.SignalManager.st"
    Type="File"
    LastWriteTime="133323446580000000"
    Private="false" />
  <Object
    Path="D:\Downloads\ASDP Exam - Group 4B\Palletizer\Logical\Libraries\SignalMng\Types.typ"
    LogicalPath="Libraries.SignalMng.Types.typ"
    Type="File"
    LastWriteTime="132699483580000000"
    Private="false" />
  <Object
    Path="D:\Downloads\ASDP Exam - Group 4B\Palletizer\Logical\Libraries\SignalMng\Constants.var"
    LogicalPath="Libraries.SignalMng.Constants.var"
    Type="File"
    LastWriteTime="132700313200000000"
    Private="false" />
  <Object
    Path="D:\Downloads\ASDP Exam - Group 4B\Palletizer\Logical\Libraries\SignalMng\SignalMng.fun"
    LogicalPath="Libraries.SignalMng.SignalMng.fun"
    Type="File"
    LastWriteTime="133323427080000000"
    Private="false" />
  <Object
    Path="D:\Downloads\ASDP Exam - Group 4B\Palletizer\Logical\Libraries\Acp10man\Binary.lby"
    LogicalPath="Libraries.Acp10man"
    Type="Library"
    LastWriteTime="133296592000000000" />
  <Object
    Path="D:\Downloads\ASDP Exam - Group 4B\Palletizer\Logical\Libraries\Acp10man\Acp10man.typ"
    LogicalPath="Libraries.Acp10man.Acp10man.typ"
    Type="File"
    LastWriteTime="133296592000000000"
    Private="false" />
  <Object
    Path="D:\Downloads\ASDP Exam - Group 4B\Palletizer\Logical\Libraries\Acp10par\Binary.lby"
    LogicalPath="Libraries.Acp10par"
    Type="Library"
    LastWriteTime="133296592000000000" />
  <Object
    Path="D:\Downloads\ASDP Exam - Group 4B\Palletizer\Logical\Libraries\Acp10par\Acp10par.var"
    LogicalPath="Libraries.Acp10par.Acp10par.var"
    Type="File"
    LastWriteTime="133296592000000000"
    Private="false" />
  <Object
    Path="D:\Downloads\ASDP Exam - Group 4B\Palletizer\Logical\Libraries\NcGlobal\Binary.lby"
    LogicalPath="Libraries.NcGlobal"
    Type="Library"
    LastWriteTime="133296592000000000" />
  <Object
    Path="D:\Downloads\ASDP Exam - Group 4B\Palletizer\Logical\Libraries\NcGlobal\NcGlobal.fun"
    LogicalPath="Libraries.NcGlobal.NcGlobal.fun"
    Type="File"
    LastWriteTime="133296592000000000"
    Private="false" />
  <Object
    Path="D:\Downloads\ASDP Exam - Group 4B\Palletizer\Logical\Libraries\NcGlobal\NcGlobal.typ"
    LogicalPath="Libraries.NcGlobal.NcGlobal.typ"
    Type="File"
    LastWriteTime="133296592000000000"
    Private="false" />
  <Object
    Path="D:\Downloads\ASDP Exam - Group 4B\Palletizer\Logical\Libraries\NcGlobal\NcGlobal.var"
    LogicalPath="Libraries.NcGlobal.NcGlobal.var"
    Type="File"
    LastWriteTime="133296592000000000"
    Private="false" />
  <Object
    Path="D:\Downloads\ASDP Exam - Group 4B\Palletizer\Logical\Libraries\Acp10sim\binary.lby"
    LogicalPath="Libraries.Acp10sim"
    Type="Library"
    LastWriteTime="133296592000000000" />
  <Object
    Path="D:\Downloads\ASDP Exam - Group 4B\Palletizer\Logical\Libraries\Acp10sim\acp10sim.var"
    LogicalPath="Libraries.Acp10sim.acp10sim.var"
    Type="File"
    LastWriteTime="133296592000000000"
    Private="false" />
  <Object
    Path="D:\Downloads\ASDP Exam - Group 4B\Palletizer\Logical\Libraries\Acp10sim\acp10sim.typ"
    LogicalPath="Libraries.Acp10sim.acp10sim.typ"
    Type="File"
    LastWriteTime="133296592000000000"
    Private="false" />
  <Object
    Path="D:\Downloads\ASDP Exam - Group 4B\Palletizer\Logical\InputBridge\IEC.prg"
    LogicalPath="InputBridge"
    Type="Program"
    LastWriteTime="133319176060000000" />
  <Object
    Path="D:\Downloads\ASDP Exam - Group 4B\Palletizer\Logical\InputBridge\InputBridge.st"
    LogicalPath="InputBridge.InputBridge.st"
    Type="File"
    LastWriteTime="133319886060000000"
    Private="false" />
  <Object
    Path="D:\Downloads\ASDP Exam - Group 4B\Palletizer\Logical\InputBridge\Types.typ"
    LogicalPath="InputBridge.Types.typ"
    Type="File"
    LastWriteTime="132682927460000000"
    Private="true" />
  <Object
    Path="D:\Downloads\ASDP Exam - Group 4B\Palletizer\Logical\InputBridge\Variables.var"
    LogicalPath="InputBridge.Variables.var"
    Type="File"
    LastWriteTime="132688076280000000"
    Private="true" />
  <Object
    Path="D:\Downloads\ASDP Exam - Group 4B\Palletizer\Logical\OutputBridge\IEC.prg"
    LogicalPath="OutputBridge"
    Type="Program"
    LastWriteTime="133319187960000000" />
  <Object
    Path="D:\Downloads\ASDP Exam - Group 4B\Palletizer\Logical\OutputBridge\OutputBridge.st"
    LogicalPath="OutputBridge.OutputBridge.st"
    Type="File"
    LastWriteTime="133319193540000000"
    Private="false" />
  <Object
    Path="D:\Downloads\ASDP Exam - Group 4B\Palletizer\Logical\OutputBridge\Types.typ"
    LogicalPath="OutputBridge.Types.typ"
    Type="File"
    LastWriteTime="132682973680000000"
    Private="true" />
  <Object
    Path="D:\Downloads\ASDP Exam - Group 4B\Palletizer\Logical\OutputBridge\Variables.var"
    LogicalPath="OutputBridge.Variables.var"
    Type="File"
    LastWriteTime="132688076820000000"
    Private="true" />
  <Object
    Path="D:\Downloads\ASDP Exam - Group 4B\Palletizer\Logical\Feeder\IEC.prg"
    LogicalPath="Feeder"
    Type="Program"
    LastWriteTime="133319226120000000" />
  <Object
    Path="D:\Downloads\ASDP Exam - Group 4B\Palletizer\Logical\Feeder\Feeder.st"
    LogicalPath="Feeder.Feeder.st"
    Type="File"
    LastWriteTime="133319278980000000"
    Private="false" />
  <Object
    Path="D:\Downloads\ASDP Exam - Group 4B\Palletizer\Logical\Feeder\Types.typ"
    LogicalPath="Feeder.Types.typ"
    Type="File"
    LastWriteTime="133319236800000000"
    Private="true" />
  <Object
    Path="D:\Downloads\ASDP Exam - Group 4B\Palletizer\Logical\Feeder\Variables.var"
    LogicalPath="Feeder.Variables.var"
    Type="File"
    LastWriteTime="133319817300000000"
    Private="true" />
  <Object
    Path="D:\Downloads\ASDP Exam - Group 4B\Palletizer\Logical\Crane\IEC.prg"
    LogicalPath="Crane"
    Type="Program"
    LastWriteTime="133319581860000000" />
  <Object
    Path="D:\Downloads\ASDP Exam - Group 4B\Palletizer\Logical\Crane\Crane.st"
    LogicalPath="Crane.Crane.st"
    Type="File"
    LastWriteTime="133319637020000000"
    Private="false" />
  <Object
    Path="D:\Downloads\ASDP Exam - Group 4B\Palletizer\Logical\Crane\Types.typ"
    LogicalPath="Crane.Types.typ"
    Type="File"
    LastWriteTime="133319635080000000"
    Private="true" />
  <Object
    Path="D:\Downloads\ASDP Exam - Group 4B\Palletizer\Logical\Crane\Variables.var"
    LogicalPath="Crane.Variables.var"
    Type="File"
    LastWriteTime="133319850420000000"
    Private="true" />
  <Object
    Path="D:\Downloads\ASDP Exam - Group 4B\Palletizer\Logical\PalletHandler\IEC.prg"
    LogicalPath="PalletHandler"
    Type="Program"
    LastWriteTime="133319582080000000" />
  <Object
    Path="D:\Downloads\ASDP Exam - Group 4B\Palletizer\Logical\PalletHandler\Pallet.st"
    LogicalPath="PalletHandler.Pallet.st"
    Type="File"
    LastWriteTime="133319881880000000"
    Private="false" />
  <Object
    Path="D:\Downloads\ASDP Exam - Group 4B\Palletizer\Logical\PalletHandler\Types.typ"
    LogicalPath="PalletHandler.Types.typ"
    Type="File"
    LastWriteTime="133319649300000000"
    Private="true" />
  <Object
    Path="D:\Downloads\ASDP Exam - Group 4B\Palletizer\Logical\PalletHandler\Variables.var"
    LogicalPath="PalletHandler.Variables.var"
    Type="File"
    LastWriteTime="133319817300000000"
    Private="true" />
  <Object
    Path="D:\Downloads\ASDP Exam - Group 4B\Palletizer\Logical\TaskManager\IEC.prg"
    LogicalPath="TaskManager"
    Type="Program"
    LastWriteTime="133319582280000000" />
  <Object
    Path="D:\Downloads\ASDP Exam - Group 4B\Palletizer\Logical\TaskManager\Main.st"
    LogicalPath="TaskManager.Main.st"
    Type="File"
    LastWriteTime="133323441140000000"
    Private="false" />
  <Object
    Path="D:\Downloads\ASDP Exam - Group 4B\Palletizer\Logical\TaskManager\Types.typ"
    LogicalPath="TaskManager.Types.typ"
    Type="File"
    LastWriteTime="133323403260000000"
    Private="true" />
  <Object
    Path="D:\Downloads\ASDP Exam - Group 4B\Palletizer\Logical\TaskManager\Variables.var"
    LogicalPath="TaskManager.Variables.var"
    Type="File"
    LastWriteTime="133321739100000000"
    Private="true" />
  <Object
    Path="D:\Downloads\ASDP Exam - Group 4B\Palletizer\Logical\SignalManager\IEC.prg"
    LogicalPath="SignalManager"
    Type="Program"
    LastWriteTime="133319582960000000" />
  <Object
    Path="D:\Downloads\ASDP Exam - Group 4B\Palletizer\Logical\SignalManager\SignalMng.st"
    LogicalPath="SignalManager.SignalMng.st"
    Type="File"
    LastWriteTime="133321793460000000"
    Private="false" />
  <Object
    Path="D:\Downloads\ASDP Exam - Group 4B\Palletizer\Logical\SignalManager\Types.typ"
    LogicalPath="SignalManager.Types.typ"
    Type="File"
    LastWriteTime="132699500380000000"
    Private="true" />
  <Object
    Path="D:\Downloads\ASDP Exam - Group 4B\Palletizer\Logical\SignalManager\Variables.var"
    LogicalPath="SignalManager.Variables.var"
    Type="File"
    LastWriteTime="133320023240000000"
    Private="true" />
  <Object
    Path="D:\Downloads\ASDP Exam - Group 4B\Palletizer\Logical\mappView\Package.pkg"
    LogicalPath="mappView"
    Type="Package"
    LastWriteTime="133323503640000000" />
  <Object
    Path="D:\Downloads\ASDP Exam - Group 4B\Palletizer\Logical\mappView\Layouts\Package.pkg"
    LogicalPath="mappView.Layouts"
    Type="Package"
    LastWriteTime="133317942480000000" />
  <Object
    Path="D:\Downloads\ASDP Exam - Group 4B\Palletizer\Logical\mappView\Layouts\Landscape4_3.layout"
    LogicalPath="mappView.Layouts.Landscape4_3.layout"
    Type="File"
    LastWriteTime="133321700880000000"
    Private="false" />
  <Object
    Path="D:\Downloads\ASDP Exam - Group 4B\Palletizer\Logical\mappView\Widgets\Package.pkg"
    LogicalPath="mappView.Widgets"
    Type="Package"
    LastWriteTime="133317939520000000" />
  <Object
    Path="D:\Downloads\ASDP Exam - Group 4B\Palletizer\Logical\mappView\Resources\Package.pkg"
    LogicalPath="mappView.Resources"
    Type="Package"
    LastWriteTime="133318098580000000" />
  <Object
    Path="D:\Downloads\ASDP Exam - Group 4B\Palletizer\Logical\mappView\Resources\Texts\Package.pkg"
    LogicalPath="mappView.Resources.Texts"
    Type="Package"
    LastWriteTime="133317939520000000" />
  <Object
    Path="D:\Downloads\ASDP Exam - Group 4B\Palletizer\Logical\mappView\Resources\Snippets\Package.pkg"
    LogicalPath="mappView.Resources.Snippets"
    Type="Package"
    LastWriteTime="133317939520000000" />
  <Object
    Path="D:\Downloads\ASDP Exam - Group 4B\Palletizer\Logical\mappView\Resources\Themes\Package.pkg"
    LogicalPath="mappView.Resources.Themes"
    Type="Package"
    LastWriteTime="133317939520000000" />
  <Object
    Path="D:\Downloads\ASDP Exam - Group 4B\Palletizer\Logical\mappView\Resources\Media\Package.pkg"
    LogicalPath="mappView.Resources.Media"
    Type="Package"
    LastWriteTime="133317939520000000" />
  <Object
    Path="D:\Downloads\ASDP Exam - Group 4B\Palletizer\Logical\mappView\Resources\LocalizableTexts.tmx"
    LogicalPath="mappView.Resources.LocalizableTexts.tmx"
    Type="File"
    LastWriteTime="133318107820000000"
    Private="false" />
  <Object
    Path="D:\Downloads\ASDP Exam - Group 4B\Palletizer\Logical\mappView\Visualization\Package.pkg"
    LogicalPath="mappView.Visualization"
    Type="Package"
    LastWriteTime="133318098540000000" />
  <Object
    Path="D:\Downloads\ASDP Exam - Group 4B\Palletizer\Logical\mappView\Visualization\Pages\Package.pkg"
    LogicalPath="mappView.Visualization.Pages"
    Type="Package"
    LastWriteTime="133317075960000000" />
  <Object
    Path="D:\Downloads\ASDP Exam - Group 4B\Palletizer\Logical\mappView\Visualization\Pages\AreaContents\Package.pkg"
    LogicalPath="mappView.Visualization.Pages.AreaContents"
    Type="Package"
    LastWriteTime="133317076280000000" />
  <Object
    Path="D:\Downloads\ASDP Exam - Group 4B\Palletizer\Logical\mappView\Visualization\Pages\AreaContents\Content.content"
    LogicalPath="mappView.Visualization.Pages.AreaContents.Content.content"
    Type="File"
    LastWriteTime="133323450900000000"
    Private="false" />
  <Object
    Path="D:\Downloads\ASDP Exam - Group 4B\Palletizer\Logical\mappView\Visualization\Pages\Page\Package.pkg"
    LogicalPath="mappView.Visualization.Pages.Page"
    Type="Package"
    LastWriteTime="133317075960000000" />
  <Object
    Path="D:\Downloads\ASDP Exam - Group 4B\Palletizer\Logical\mappView\Visualization\Pages\Page\Page.page"
    LogicalPath="mappView.Visualization.Pages.Page.Page.page"
    Type="File"
    LastWriteTime="133323450820000000"
    Private="false" />
  <Object
    Path="D:\Downloads\ASDP Exam - Group 4B\Palletizer\Logical\mappView\Visualization\Variables\Package.pkg"
    LogicalPath="mappView.Visualization.Variables"
    Type="Package"
    LastWriteTime="133317075540000000" />
  <Object
    Path="D:\Downloads\ASDP Exam - Group 4B\Palletizer\Logical\mappView\Visualization\Expressions\Package.pkg"
    LogicalPath="mappView.Visualization.Expressions"
    Type="Package"
    LastWriteTime="133317075540000000" />
  <Object
    Path="D:\Downloads\ASDP Exam - Group 4B\Palletizer\Logical\mappView\Visualization\Layouts\Package.pkg"
    LogicalPath="mappView.Visualization.Layouts"
    Type="Package"
    LastWriteTime="133317075540000000" />
  <Object
    Path="D:\Downloads\ASDP Exam - Group 4B\Palletizer\Logical\mappView\Visualization\Dialogs\Package.pkg"
    LogicalPath="mappView.Visualization.Dialogs"
    Type="Package"
    LastWriteTime="133317075540000000" />
  <Object
    Path="D:\Downloads\ASDP Exam - Group 4B\Palletizer\Logical\mappView\Visualization\Dialogs\AreaContents\Package.pkg"
    LogicalPath="mappView.Visualization.Dialogs.AreaContents"
    Type="Package"
    LastWriteTime="133317075540000000" />
  <Object
    Path="D:\Downloads\ASDP Exam - Group 4B\Palletizer\Logical\mappView\Visualization\Resources\Package.pkg"
    LogicalPath="mappView.Visualization.Resources"
    Type="Package"
    LastWriteTime="133317075540000000" />
  <Object
    Path="D:\Downloads\ASDP Exam - Group 4B\Palletizer\Logical\mappView\Visualization\Resources\Texts\Package.pkg"
    LogicalPath="mappView.Visualization.Resources.Texts"
    Type="Package"
    LastWriteTime="133317075540000000" />
  <Object
    Path="D:\Downloads\ASDP Exam - Group 4B\Palletizer\Logical\mappView\Visualization\Resources\Snippets\Package.pkg"
    LogicalPath="mappView.Visualization.Resources.Snippets"
    Type="Package"
    LastWriteTime="133317075540000000" />
  <Object
    Path="D:\Downloads\ASDP Exam - Group 4B\Palletizer\Physical\Default_Config\Config.pkg"
    LogicalPath="Default_Config"
    Type="Configuration.ParentUnknown"
    LastWriteTime="133315485520000000" />
  <Object
    Path="D:\Downloads\ASDP Exam - Group 4B\Palletizer\Physical\Default_Config\Hardware.hw"
    LogicalPath="Default_Config.Hardware.hw"
    Type="File"
    LastWriteTime="133323503520000000"
    Private="false" />
  <Object
    Path="D:\Downloads\ASDP Exam - Group 4B\Palletizer\Physical\Default_Config\Hardware.hwl"
    LogicalPath="Default_Config.Hardware.hwl"
    Type="File"
    LastWriteTime="133315486240000000"
    Private="false" />
  <Object
    Path="D:\Downloads\ASDP Exam - Group 4B\Palletizer\Physical\Default_Config\X20CP1382\Cpu.pkg"
    LogicalPath="Default_Config.X20CP1382"
    Type="Cpu"
    LastWriteTime="133323504760000000" />
  <Object
    Path="D:\Downloads\ASDP Exam - Group 4B\Palletizer\Physical\Default_Config\X20CP1382\Cpu.sw"
    LogicalPath="Default_Config.X20CP1382.Cpu.sw"
    Type="File"
    LastWriteTime="133323502260000000"
    Private="false" />
  <Object
    Path="D:\Downloads\ASDP Exam - Group 4B\Palletizer\Physical\Default_Config\X20CP1382\Cpu.per"
    LogicalPath="Default_Config.X20CP1382.Cpu.per"
    Type="File"
    LastWriteTime="132341470800000000"
    Private="false" />
  <Object
    Path="D:\Downloads\ASDP Exam - Group 4B\Palletizer\Physical\Default_Config\X20CP1382\IoMap.iom"
    LogicalPath="Default_Config.X20CP1382.IoMap.iom"
    Type="File"
    LastWriteTime="132341470800000000"
    Private="false" />
  <Object
    Path="D:\Downloads\ASDP Exam - Group 4B\Palletizer\Physical\Default_Config\X20CP1382\PvMap.vvm"
    LogicalPath="Default_Config.X20CP1382.PvMap.vvm"
    Type="File"
    LastWriteTime="132341470800000000"
    Private="false" />
  <Object
    Path="D:\Downloads\ASDP Exam - Group 4B\Palletizer\Physical\Default_Config\X20CP1382\Connectivity\Package.pkg"
    LogicalPath="Default_Config.X20CP1382.Connectivity"
    Type="Package"
    LastWriteTime="132341470800000000" />
  <Object
    Path="D:\Downloads\ASDP Exam - Group 4B\Palletizer\Physical\Default_Config\X20CP1382\Connectivity\OpcUA\Package.pkg"
    LogicalPath="Default_Config.X20CP1382.Connectivity.OpcUA"
    Type="Package"
    LastWriteTime="133317949020000000" />
  <Object
    Path="D:\Downloads\ASDP Exam - Group 4B\Palletizer\Physical\Default_Config\X20CP1382\Connectivity\OpcUA\OpcUaMap.uad"
    LogicalPath="Default_Config.X20CP1382.Connectivity.OpcUA.OpcUaMap.uad"
    Type="File"
    LastWriteTime="133323503000000000"
    Private="false" />
  <Object
    Path="D:\Downloads\ASDP Exam - Group 4B\Palletizer\Physical\Default_Config\X20CP1382\TextSystem\Package.pkg"
    LogicalPath="Default_Config.X20CP1382.TextSystem"
    Type="Package"
    LastWriteTime="133318099280000000" />
  <Object
    Path="D:\Downloads\ASDP Exam - Group 4B\Palletizer\Physical\Default_Config\X20CP1382\TextSystem\TC.textconfig"
    LogicalPath="Default_Config.X20CP1382.TextSystem.TC.textconfig"
    Type="File"
    LastWriteTime="133318099280000000"
    Private="false" />
  <Object
    Path="D:\Downloads\ASDP Exam - Group 4B\Palletizer\Physical\Default_Config\X20CP1382\UnitSystem\Package.pkg"
    LogicalPath="Default_Config.X20CP1382.UnitSystem"
    Type="Package"
    LastWriteTime="132341470800000000" />
  <Object
    Path="D:\Downloads\ASDP Exam - Group 4B\Palletizer\Physical\Default_Config\X20CP1382\AccessAndSecurity\Package.pkg"
    LogicalPath="Default_Config.X20CP1382.AccessAndSecurity"
    Type="Package"
    LastWriteTime="132341470800000000" />
  <Object
    Path="D:\Downloads\ASDP Exam - Group 4B\Palletizer\Physical\Default_Config\X20CP1382\AccessAndSecurity\UserRoleSystem\Package.pkg"
    LogicalPath="Default_Config.X20CP1382.AccessAndSecurity.UserRoleSystem"
    Type="Package"
    LastWriteTime="132341470800000000" />
  <Object
    Path="D:\Downloads\ASDP Exam - Group 4B\Palletizer\Physical\Default_Config\X20CP1382\AccessAndSecurity\UserRoleSystem\Role.role"
    LogicalPath="Default_Config.X20CP1382.AccessAndSecurity.UserRoleSystem.Role.role"
    Type="File"
    LastWriteTime="132341470800000000"
    Private="false" />
  <Object
    Path="D:\Downloads\ASDP Exam - Group 4B\Palletizer\Physical\Default_Config\X20CP1382\AccessAndSecurity\UserRoleSystem\User.user"
    LogicalPath="Default_Config.X20CP1382.AccessAndSecurity.UserRoleSystem.User.user"
    Type="File"
    LastWriteTime="132341470800000000"
    Private="false" />
  <Object
    Path="D:\Downloads\ASDP Exam - Group 4B\Palletizer\Physical\Default_Config\X20CP1382\AccessAndSecurity\CertificateStore\Package.pkg"
    LogicalPath="Default_Config.X20CP1382.AccessAndSecurity.CertificateStore"
    Type="Package"
    LastWriteTime="132341470800000000" />
  <Object
    Path="D:\Downloads\ASDP Exam - Group 4B\Palletizer\Physical\Default_Config\X20CP1382\AccessAndSecurity\CertificateStore\OwnCertificates\Package.pkg"
    LogicalPath="Default_Config.X20CP1382.AccessAndSecurity.CertificateStore.OwnCertificates"
    Type="Package"
    LastWriteTime="132341470800000000" />
  <Object
    Path="D:\Downloads\ASDP Exam - Group 4B\Palletizer\Physical\Default_Config\X20CP1382\AccessAndSecurity\CertificateStore\OwnCertificates\Certificates\Package.pkg"
    LogicalPath="Default_Config.X20CP1382.AccessAndSecurity.CertificateStore.OwnCertificates.Certificates"
    Type="Package"
    LastWriteTime="132341470800000000" />
  <Object
    Path="D:\Downloads\ASDP Exam - Group 4B\Palletizer\Physical\Default_Config\X20CP1382\AccessAndSecurity\CertificateStore\OwnCertificates\PrivateKeys\Package.pkg"
    LogicalPath="Default_Config.X20CP1382.AccessAndSecurity.CertificateStore.OwnCertificates.PrivateKeys"
    Type="Package"
    LastWriteTime="132341470800000000" />
  <Object
    Path="D:\Downloads\ASDP Exam - Group 4B\Palletizer\Physical\Default_Config\X20CP1382\AccessAndSecurity\CertificateStore\ThirdPartyCertificates\Package.pkg"
    LogicalPath="Default_Config.X20CP1382.AccessAndSecurity.CertificateStore.ThirdPartyCertificates"
    Type="Package"
    LastWriteTime="132341470800000000" />
  <Object
    Path="D:\Downloads\ASDP Exam - Group 4B\Palletizer\Physical\Default_Config\X20CP1382\AccessAndSecurity\CertificateStore\ThirdPartyCertificates\SoftwareCertificates\Package.pkg"
    LogicalPath="Default_Config.X20CP1382.AccessAndSecurity.CertificateStore.ThirdPartyCertificates.SoftwareCertificates"
    Type="Package"
    LastWriteTime="132341470800000000" />
  <Object
    Path="D:\Downloads\ASDP Exam - Group 4B\Palletizer\Physical\Default_Config\X20CP1382\AccessAndSecurity\CertificateStore\CertificateRevocationLists\Package.pkg"
    LogicalPath="Default_Config.X20CP1382.AccessAndSecurity.CertificateStore.CertificateRevocationLists"
    Type="Package"
    LastWriteTime="132341470800000000" />
  <Object
    Path="D:\Downloads\ASDP Exam - Group 4B\Palletizer\Physical\Default_Config\X20CP1382\AccessAndSecurity\CertificateStore\CertificateSigningRequests\Package.pkg"
    LogicalPath="Default_Config.X20CP1382.AccessAndSecurity.CertificateStore.CertificateSigningRequests"
    Type="Package"
    LastWriteTime="132341470800000000" />
  <Object
    Path="D:\Downloads\ASDP Exam - Group 4B\Palletizer\Physical\Default_Config\X20CP1382\AccessAndSecurity\TransportLayerSecurity\Package.pkg"
    LogicalPath="Default_Config.X20CP1382.AccessAndSecurity.TransportLayerSecurity"
    Type="Package"
    LastWriteTime="132341470800000000" />
  <Object
    Path="D:\Downloads\ASDP Exam - Group 4B\Palletizer\Physical\Default_Config\X20CP1382\AccessAndSecurity\Firewall\Package.pkg"
    LogicalPath="Default_Config.X20CP1382.AccessAndSecurity.Firewall"
    Type="Package"
    LastWriteTime="132341470800000000" />
  <Object
    Path="D:\Downloads\ASDP Exam - Group 4B\Palletizer\Physical\Default_Config\X20CP1382\AccessAndSecurity\Firewall\Rules.firewallRules"
    LogicalPath="Default_Config.X20CP1382.AccessAndSecurity.Firewall.Rules.firewallRules"
    Type="File"
    LastWriteTime="132341470800000000"
    Private="false" />
  <Object
    Path="D:\Downloads\ASDP Exam - Group 4B\Palletizer\Physical\Default_Config\X20CP1382\mappControl\Package.pkg"
    LogicalPath="Default_Config.X20CP1382.mappControl"
    Type="Package"
    LastWriteTime="132341470800000000" />
  <Object
    Path="D:\Downloads\ASDP Exam - Group 4B\Palletizer\Physical\Default_Config\X20CP1382\mappMotion\Package.pkg"
    LogicalPath="Default_Config.X20CP1382.mappMotion"
    Type="Package"
    LastWriteTime="132341470800000000" />
  <Object
    Path="D:\Downloads\ASDP Exam - Group 4B\Palletizer\Physical\Default_Config\X20CP1382\mappServices\Package.pkg"
    LogicalPath="Default_Config.X20CP1382.mappServices"
    Type="Package"
    LastWriteTime="132341470800000000" />
  <Object
    Path="D:\Downloads\ASDP Exam - Group 4B\Palletizer\Physical\Default_Config\X20CP1382\mappView\Package.pkg"
    LogicalPath="Default_Config.X20CP1382.mappView"
    Type="Package"
    LastWriteTime="133318971220000000" />
  <Object
    Path="D:\Downloads\ASDP Exam - Group 4B\Palletizer\Physical\Default_Config\X20CP1382\mappView\Visualiz_1.vis"
    LogicalPath="Default_Config.X20CP1382.mappView.Visualiz_1.vis"
    Type="File"
    LastWriteTime="133318971220000000"
    Private="false" />
  <Object
    Path="D:\Downloads\ASDP Exam - Group 4B\Palletizer\Physical\Default_Config\X20CP1382\mappView\Config.mappviewcfg"
    LogicalPath="Default_Config.X20CP1382.mappView.Config.mappviewcfg"
    Type="File"
    LastWriteTime="133317946060000000"
    Private="false" />
  <Object
    Path="D:\Downloads\ASDP Exam - Group 4B\Palletizer\Physical\Default_Config\X20CP1382\mappView\content_0.binding"
    LogicalPath="Default_Config.X20CP1382.mappView.content_0.binding"
    Type="File"
    LastWriteTime="133323426760000000"
    Private="false" />
  <Object
    Path="D:\Downloads\ASDP Exam - Group 4B\Palletizer\Physical\Default_Config\X20CP1382\mappCockpit\Package.pkg"
    LogicalPath="Default_Config.X20CP1382.mappCockpit"
    Type="Package"
    LastWriteTime="132341470800000000" />
  <Object
    Path="D:\Downloads\ASDP Exam - Group 4B\Palletizer\Physical\Default_Config\X20CP1382\Motion\Package.pkg"
    LogicalPath="Default_Config.X20CP1382.Motion"
    Type="Package"
    LastWriteTime="133296592020000000" />
  <Object
    Path="D:\Downloads\ASDP Exam - Group 4B\Palletizer\Physical\Default_Config\X20CP1382\Motion\Acp10cfg.ncc"
    LogicalPath="Default_Config.X20CP1382.Motion.Acp10cfg.ncc"
    Type="File"
    LastWriteTime="132681275520000000"
    Private="false" />
  <Object
    Path="D:\Downloads\ASDP Exam - Group 4B\Palletizer\Physical\Default_Config\X20CP1382\Motion\Acp10map.ncm"
    LogicalPath="Default_Config.X20CP1382.Motion.Acp10map.ncm"
    Type="File"
    LastWriteTime="132681275520000000"
    Private="false" />
  <Object
    Path="D:\Downloads\ASDP Exam - Group 4B\Palletizer\Physical\Default_Config\X20CP1382\Motion\Acp10sys.br"
    LogicalPath="Default_Config.X20CP1382.Motion.Acp10sys.br"
    Type="File"
    LastWriteTime="133296592020000000"
    Private="false" />
  <Object
    Path="D:\Downloads\ASDP Exam - Group 4B\Palletizer\Physical\Default_Config\Hardware.jpg"
    LogicalPath="Default_Config.Hardware.jpg"
    Type="File"
    LastWriteTime="133315486240000000"
    Private="false" />
</Objects>