D:\Downloads\ASDP Exam - Group 4B\Palletizer\Logical\Global.typ
D:\Downloads\ASDP Exam - Group 4B\Palletizer\Logical\Global.var
D:\Downloads\ASDP Exam - Group 4B\Palletizer\Logical\MNG_Global.typ
D:\Downloads\ASDP Exam - Group 4B\Palletizer\Logical\MNG_Package.typ
D:\Downloads\ASDP Exam - Group 4B\Palletizer\Logical\MNG_Package.var
D:\Downloads\ASDP Exam - Group 4B\Palletizer\Logical\Libraries\operator\operator.fun
D:\Downloads\ASDP Exam - Group 4B\Palletizer\Logical\Libraries\operator\operator.typ
D:\Downloads\ASDP Exam - Group 4B\Palletizer\Logical\Libraries\operator\operator.var
D:\Downloads\ASDP Exam - Group 4B\Palletizer\Logical\Libraries\runtime\runtime.fun
D:\Downloads\ASDP Exam - Group 4B\Palletizer\Logical\Libraries\runtime\runtime.typ
D:\Downloads\ASDP Exam - Group 4B\Palletizer\Logical\Libraries\runtime\runtime.var
D:\Downloads\ASDP Exam - Group 4B\Palletizer\Logical\Libraries\astime\astime.fun
D:\Downloads\ASDP Exam - Group 4B\Palletizer\Logical\Libraries\astime\astime.typ
D:\Downloads\ASDP Exam - Group 4B\Palletizer\Logical\Libraries\astime\astime.var
D:\Downloads\ASDP Exam - Group 4B\Palletizer\Logical\Libraries\AsIecCon\AsIecCon.fun
D:\Downloads\ASDP Exam - Group 4B\Palletizer\Logical\Libraries\AsIecCon\AsIecCon.typ
D:\Downloads\ASDP Exam - Group 4B\Palletizer\Logical\Libraries\AsIecCon\AsIecCon.var
D:\Downloads\ASDP Exam - Group 4B\Palletizer\Logical\Libraries\standard\standard.fun
D:\Downloads\ASDP Exam - Group 4B\Palletizer\Logical\Libraries\standard\standard.typ
D:\Downloads\ASDP Exam - Group 4B\Palletizer\Logical\Libraries\standard\standard.var
D:\Downloads\ASDP Exam - Group 4B\Palletizer\Logical\Libraries\AsArLog\AsArLog.fun
D:\Downloads\ASDP Exam - Group 4B\Palletizer\Logical\Libraries\AsArLog\AsArLog.typ
D:\Downloads\ASDP Exam - Group 4B\Palletizer\Logical\Libraries\AsArLog\AsArLog.var
D:\Downloads\ASDP Exam - Group 4B\Palletizer\Logical\Libraries\AsBrStr\AsBrStr.fun
D:\Downloads\ASDP Exam - Group 4B\Palletizer\Logical\Libraries\AsBrStr\AsBrStr.typ
D:\Downloads\ASDP Exam - Group 4B\Palletizer\Logical\Libraries\AsBrStr\AsBrStr.var
D:\Downloads\ASDP Exam - Group 4B\Palletizer\Logical\Libraries\AsTCP\AsTCP.fun
D:\Downloads\ASDP Exam - Group 4B\Palletizer\Logical\Libraries\AsTCP\AsTCP.typ
D:\Downloads\ASDP Exam - Group 4B\Palletizer\Logical\Libraries\AsTCP\AsTCP.var
D:\Downloads\ASDP Exam - Group 4B\Palletizer\Logical\Libraries\MTBasics\MTBasics.fun
D:\Downloads\ASDP Exam - Group 4B\Palletizer\Logical\Libraries\MTBasics\MTBasics.typ
D:\Downloads\ASDP Exam - Group 4B\Palletizer\Logical\Libraries\MTBasics\MTBasics.var
D:\Downloads\ASDP Exam - Group 4B\Palletizer\Logical\Libraries\brsystem\brsystem.fun
D:\Downloads\ASDP Exam - Group 4B\Palletizer\Logical\Libraries\brsystem\brsystem.typ
D:\Downloads\ASDP Exam - Group 4B\Palletizer\Logical\Libraries\brsystem\brsystem.var
D:\Downloads\ASDP Exam - Group 4B\Palletizer\Logical\Libraries\MTTypes\MTTypes.fun
D:\Downloads\ASDP Exam - Group 4B\Palletizer\Logical\Libraries\MTTypes\MTTypes.typ
D:\Downloads\ASDP Exam - Group 4B\Palletizer\Logical\Libraries\MTTypes\MTTypes.var
D:\Downloads\ASDP Exam - Group 4B\Palletizer\Logical\Libraries\sys_lib\sys_lib.fun
D:\Downloads\ASDP Exam - Group 4B\Palletizer\Logical\Libraries\sys_lib\sys_lib.typ
D:\Downloads\ASDP Exam - Group 4B\Palletizer\Logical\Libraries\sys_lib\sys_lib.var
D:\Downloads\ASDP Exam - Group 4B\Palletizer\Logical\Libraries\GenericDev\Types.typ
D:\Downloads\ASDP Exam - Group 4B\Palletizer\Logical\Libraries\GenericDev\Constants.var
D:\Downloads\ASDP Exam - Group 4B\Palletizer\Logical\Libraries\GenericDev\GenericDev.fun
D:\Downloads\ASDP Exam - Group 4B\Palletizer\Logical\Libraries\GenericAx\Types.typ
D:\Downloads\ASDP Exam - Group 4B\Palletizer\Logical\Libraries\GenericAx\Constants.var
D:\Downloads\ASDP Exam - Group 4B\Palletizer\Logical\Libraries\GenericAx\GenericAx.fun
D:\Downloads\ASDP Exam - Group 4B\Palletizer\Logical\Libraries\SignalMng\Types.typ
D:\Downloads\ASDP Exam - Group 4B\Palletizer\Logical\Libraries\SignalMng\Constants.var
D:\Downloads\ASDP Exam - Group 4B\Palletizer\Logical\Libraries\SignalMng\SignalMng.fun
D:\Downloads\ASDP Exam - Group 4B\Palletizer\Logical\Libraries\Acp10man\Acp10man.typ
D:\Downloads\ASDP Exam - Group 4B\Palletizer\Logical\Libraries\Acp10par\Acp10par.var
D:\Downloads\ASDP Exam - Group 4B\Palletizer\Logical\Libraries\NcGlobal\NcGlobal.fun
D:\Downloads\ASDP Exam - Group 4B\Palletizer\Logical\Libraries\NcGlobal\NcGlobal.typ
D:\Downloads\ASDP Exam - Group 4B\Palletizer\Logical\Libraries\NcGlobal\NcGlobal.var
D:\Downloads\ASDP Exam - Group 4B\Palletizer\Logical\Libraries\Acp10sim\acp10sim.var
D:\Downloads\ASDP Exam - Group 4B\Palletizer\Logical\Libraries\Acp10sim\acp10sim.typ
